BEFORE:
Fake Database.
All Customers {

SYNCING THIS:
ExternalCustomer {
    externalId='12345'
    companyNumber='null'
    name='Joe Bloggs'
    preferredStore='Nordstan'
    bonusPointsBalance='null'
    address='123 main st, SE-123 45 Stockholm'
    shoppingLists=[[lipstick, foundation]]
}
AFTER:
Fake Database.
All Customers {

    Customer {
        externalId='12345'
        masterExternalId='12345'
        companyNumber='null'
        internalId='fake internalId'
        name='Joe Bloggs'
        customerType=PERSON
        bonusPointsBalance=null
        preferredStore='Nordstan'
        address='123 main st, SE-123 45 Stockholm'
        shoppingLists=[[lipstick, foundation]]
    }
