BEFORE:
Fake Database.
All Customers {

    Customer {
        externalId='12345'
        masterExternalId='null'
        companyNumber='null'
        internalId='67576'
        name='null'
        customerType=PERSON
        bonusPointsBalance=50
        preferredStore='null'
        address='null'
        shoppingLists=[]
    }

SYNCING THIS:
ExternalCustomer {
    externalId='12345'
    companyNumber='null'
    name='Joe Bloggs'
    preferredStore='Nordstan'
    bonusPointsBalance='100'
    address='123 main st, SE-123 45 Stockholm'
    shoppingLists=[[lipstick, foundation]]
}
AFTER:
Fake Database.
All Customers {

    Customer {
        externalId='12345'
        masterExternalId='null'
        companyNumber='null'
        internalId='67576'
        name='Joe Bloggs'
        customerType=PERSON
        bonusPointsBalance=100
        preferredStore='Nordstan'
        address='123 main st, SE-123 45 Stockholm'
        shoppingLists=[[lipstick, foundation]]
    }
